2026-07-13 01:01:40 - __main__ - INFO - Starting MedFlow application...
2026-07-13 01:01:40 - medflow.database.connection - INFO - Database connection manager initialized: /home/dyllan/medflow.db
2026-07-13 01:01:40 - medflow.database.migrations - INFO - Initializing database with latest schema...
2026-07-13 01:01:40 - medflow.database.migrations - INFO - Applying 5 pending migrations...
2026-07-13 01:01:40 - medflow.database.migrations - INFO - Applied migration 1
2026-07-13 01:01:40 - medflow.database.migrations - INFO - Applied migration 2
2026-07-13 01:01:40 - medflow.database.migrations - INFO - Applied migration 3
2026-07-13 01:01:40 - medflow.database.migrations - INFO - Applied migration 4
2026-07-13 01:01:40 - medflow.database.migrations - INFO - Applied migration 5
2026-07-13 01:01:40 - medflow.database.migrations - INFO - Database migrated to version 5
2026-07-13 01:01:40 - medflow.database.connection - INFO - Database backup created: /home/dyllan/.local/share/com.medflow.app/backups/medflow_backup_20260713_010140.db
2026-07-13 01:01:40 - medflow.database.models - INFO - Backup created: /home/dyllan/.local/share/com.medflow.app/backups/medflow_backup_20260713_010140.db
2026-07-13 01:01:40 - medflow.database.models - INFO - Database initialized: /home/dyllan/medflow.db
2026-07-13 01:01:40 - __main__ - INFO - Database initialized successfully
2026-07-13 01:01:40 - __main__ - ERROR - Failed to start MedFlow: 'MedFlowMainWindow' object has no attribute 'init_ui'
Traceback (most recent call last):
  File "/home/dyllan/CascadeProjects/medflow/main_refactored.py", line 57, in main
    window = MedFlowMainWindow(database=db)
  File "/home/dyllan/CascadeProjects/medflow/medflow/ui/main_window.py", line 35, in __init__
    self.init_ui()
    ^^^^^^^^^^^^
AttributeError: 'MedFlowMainWindow' object has no attribute 'init_ui'
2026-07-13 01:06:43 - __main__ - INFO - Starting MedFlow application...
2026-07-13 01:06:43 - medflow.database.connection - INFO - Database connection manager initialized: /home/dyllan/medflow.db
2026-07-13 01:06:43 - medflow.database.migrations - INFO - Database at version 5, checking for updates...
2026-07-13 01:06:43 - medflow.database.migrations - INFO - Database is up to date
2026-07-13 01:06:43 - medflow.database.connection - INFO - Database backup created: /home/dyllan/.local/share/com.medflow.app/backups/medflow_backup_20260713_010643.db
2026-07-13 01:06:43 - medflow.database.models - INFO - Backup created: /home/dyllan/.local/share/com.medflow.app/backups/medflow_backup_20260713_010643.db
2026-07-13 01:06:43 - medflow.database.models - INFO - Database initialized: /home/dyllan/medflow.db
2026-07-13 01:06:43 - __main__ - INFO - Database initialized successfully
2026-07-13 01:06:44 - __main__ - ERROR - Failed to start MedFlow: name 'QPen' is not defined
Traceback (most recent call last):
  File "/home/dyllan/CascadeProjects/medflow/main_refactored.py", line 57, in main
    window = MedFlowMainWindow(database=db)
  File "/home/dyllan/CascadeProjects/medflow/medflow/ui/main_window.py", line 35, in __init__
    self.init_ui()
    ~~~~~~~~~~~~^^
  File "/home/dyllan/CascadeProjects/medflow/medflow/ui/main_window.py", line 87, in init_ui
    self.results_ledger = ResultsLedger(self.db)
                          ~~~~~~~~~~~~~^^^^^^^^^
  File "/home/dyllan/CascadeProjects/medflow/medflow/ui/results.py", line 31, in __init__
    self.init_ui()
    ~~~~~~~~~~~~^^
  File "/home/dyllan/CascadeProjects/medflow/medflow/ui/results.py", line 333, in init_ui
    trend_pen = QPen(QColor("#FF6B9D")); trend_pen.setWidth(2)
                ^^^^
NameError: name 'QPen' is not defined. Did you mean: 'open'?
2026-07-13 01:07:14 - __main__ - INFO - Starting MedFlow application...
2026-07-13 01:07:14 - medflow.database.connection - INFO - Database connection manager initialized: /home/dyllan/medflow.db
2026-07-13 01:07:14 - medflow.database.migrations - INFO - Database at version 5, checking for updates...
2026-07-13 01:07:14 - medflow.database.migrations - INFO - Database is up to date
2026-07-13 01:07:14 - medflow.database.connection - INFO - Database backup created: /home/dyllan/.local/share/com.medflow.app/backups/medflow_backup_20260713_010714.db
2026-07-13 01:07:14 - medflow.database.models - INFO - Backup created: /home/dyllan/.local/share/com.medflow.app/backups/medflow_backup_20260713_010714.db
2026-07-13 01:07:14 - medflow.database.models - INFO - Database initialized: /home/dyllan/medflow.db
2026-07-13 01:07:14 - __main__ - INFO - Database initialized successfully
2026-07-13 01:07:17 - __main__ - INFO - MedFlow application started successfully
2026-07-13 01:08:01 - __main__ - INFO - Starting MedFlow application...
2026-07-13 01:08:01 - medflow.database.connection - INFO - Database connection manager initialized: /home/dyllan/medflow.db
2026-07-13 01:08:01 - medflow.database.migrations - INFO - Database at version 5, checking for updates...
2026-07-13 01:08:01 - medflow.database.migrations - INFO - Database is up to date
2026-07-13 01:08:01 - medflow.database.connection - INFO - Database backup created: /home/dyllan/.local/share/com.medflow.app/backups/medflow_backup_20260713_010801.db
2026-07-13 01:08:01 - medflow.database.models - INFO - Backup created: /home/dyllan/.local/share/com.medflow.app/backups/medflow_backup_20260713_010801.db
2026-07-13 01:08:01 - medflow.database.models - INFO - Database initialized: /home/dyllan/medflow.db
2026-07-13 01:08:01 - __main__ - INFO - Database initialized successfully
2026-07-13 01:08:03 - __main__ - INFO - MedFlow application started successfully
2026-07-13 01:08:52 - medflow.database.models - INFO - Created flashcard deck: f
2026-07-13 01:09:04 - medflow.database.models - INFO - Imported 0 study notes as flashcards into deck 1
2026-07-13 01:09:50 - medflow.database.connection - ERROR - Transaction error: table user_profile has no column named music_folder_path
2026-07-13 01:09:50 - medflow.database.models - ERROR - Error saving user profile: Transaction failed: table user_profile has no column named music_folder_path
2026-07-13 01:10:04 - medflow.database.connection - ERROR - Transaction error: table user_profile has no column named music_folder_path
2026-07-13 01:10:04 - medflow.database.models - ERROR - Error saving user profile: Transaction failed: table user_profile has no column named music_folder_path
2026-07-13 01:10:38 - medflow.database.connection - ERROR - Transaction error: table user_profile has no column named music_folder_path
2026-07-13 01:10:38 - medflow.database.models - ERROR - Error saving user profile: Transaction failed: table user_profile has no column named music_folder_path
2026-07-13 01:14:55 - medflow.database.models - INFO - Created flashcard deck: anki
2026-07-13 01:15:02 - medflow.database.models - INFO - Imported 0 study notes as flashcards into deck 2
2026-07-13 01:49:42 - __main__ - INFO - Starting MedFlow application...
2026-07-13 01:49:42 - medflow.database.connection - INFO - Database connection manager initialized: /home/dyllan/medflow.db
2026-07-13 01:49:42 - medflow.database.migrations - INFO - Database at version 6, checking for updates...
2026-07-13 01:49:42 - medflow.database.migrations - INFO - Database is up to date
2026-07-13 01:49:42 - medflow.database.connection - INFO - Database backup created: /home/dyllan/.local/share/com.medflow.app/backups/medflow_backup_20260713_014942.db
2026-07-13 01:49:42 - medflow.database.models - INFO - Backup created: /home/dyllan/.local/share/com.medflow.app/backups/medflow_backup_20260713_014942.db
2026-07-13 01:49:42 - medflow.database.models - INFO - Database initialized: /home/dyllan/medflow.db
2026-07-13 01:49:42 - __main__ - INFO - Database initialized successfully
2026-07-13 01:49:45 - __main__ - INFO - MedFlow application started successfully
2026-07-13 01:52:37 - __main__ - INFO - Starting MedFlow application...
2026-07-13 01:52:37 - medflow.database.connection - INFO - Database connection manager initialized: /home/dyllan/medflow.db
2026-07-13 01:52:37 - medflow.database.migrations - INFO - Database at version 6, checking for updates...
2026-07-13 01:52:37 - medflow.database.migrations - INFO - Database is up to date
2026-07-13 01:52:37 - medflow.database.connection - INFO - Database backup created: /home/dyllan/.local/share/com.medflow.app/backups/medflow_backup_20260713_015237.db
2026-07-13 01:52:37 - medflow.database.models - INFO - Backup created: /home/dyllan/.local/share/com.medflow.app/backups/medflow_backup_20260713_015237.db
2026-07-13 01:52:37 - medflow.database.models - INFO - Database initialized: /home/dyllan/medflow.db
2026-07-13 01:52:37 - __main__ - INFO - Database initialized successfully
2026-07-13 01:52:40 - __main__ - INFO - MedFlow application started successfully
2026-07-13 02:11:24 - __main__ - INFO - Starting MedFlow application...
2026-07-13 02:11:24 - medflow.database.connection - INFO - Database connection manager initialized: /home/dyllan/medflow.db
2026-07-13 02:11:24 - medflow.database.migrations - INFO - Database at version 6, checking for updates...
2026-07-13 02:11:24 - medflow.database.migrations - INFO - Database is up to date
2026-07-13 02:11:24 - medflow.database.connection - INFO - Database backup created: /home/dyllan/.local/share/com.medflow.app/backups/medflow_backup_20260713_021124.db
2026-07-13 02:11:24 - medflow.database.models - INFO - Backup created: /home/dyllan/.local/share/com.medflow.app/backups/medflow_backup_20260713_021124.db
2026-07-13 02:11:24 - medflow.database.models - INFO - Database initialized: /home/dyllan/medflow.db
2026-07-13 02:11:24 - __main__ - INFO - Database initialized successfully
2026-07-13 02:11:25 - __main__ - ERROR - Failed to start MedFlow: 'ThemeManager' object has no attribute 'get_colors'
Traceback (most recent call last):
  File "/home/dyllan/CascadeProjects/medflow/main_refactored.py", line 57, in main
    window = MedFlowMainWindow(database=db)
  File "/home/dyllan/CascadeProjects/medflow/medflow/ui/main_window.py", line 36, in __init__
    self.init_ui()
    ~~~~~~~~~~~~^^
  File "/home/dyllan/CascadeProjects/medflow/medflow/ui/main_window.py", line 92, in init_ui
    self.notes_section = NotesSection(self.db)
                         ~~~~~~~~~~~~^^^^^^^^^
  File "/home/dyllan/CascadeProjects/medflow/medflow/ui/notes.py", line 30, in __init__
    self.init_ui()
    ~~~~~~~~~~~~^^
  File "/home/dyllan/CascadeProjects/medflow/medflow/ui/notes.py", line 40, in init_ui
    c = self.theme_manager.get_colors(self.theme_manager.get_theme())
        ^^^^^^^^^^^^^^^^^^^^^^^^^^^^^
AttributeError: 'ThemeManager' object has no attribute 'get_colors'. Did you mean: 'get_color'?
2026-07-13 02:13:53 - __main__ - INFO - Starting MedFlow application...
2026-07-13 02:13:53 - medflow.database.connection - INFO - Database connection manager initialized: /home/dyllan/medflow.db
2026-07-13 02:13:53 - medflow.database.migrations - INFO - Database at version 6, checking for updates...
2026-07-13 02:13:53 - medflow.database.migrations - INFO - Database is up to date
2026-07-13 02:13:53 - medflow.database.connection - INFO - Database backup created: /home/dyllan/.local/share/com.medflow.app/backups/medflow_backup_20260713_021353.db
2026-07-13 02:13:53 - medflow.database.models - INFO - Backup created: /home/dyllan/.local/share/com.medflow.app/backups/medflow_backup_20260713_021353.db
2026-07-13 02:13:53 - medflow.database.models - INFO - Database initialized: /home/dyllan/medflow.db
2026-07-13 02:13:53 - __main__ - INFO - Database initialized successfully
2026-07-13 02:13:55 - __main__ - INFO - MedFlow application started successfully
2026-07-13 02:42:19 - __main__ - INFO - Starting MedFlow application...
2026-07-13 02:42:19 - medflow.database.connection - INFO - Database connection manager initialized: /home/dyllan/medflow.db
2026-07-13 02:42:19 - medflow.database.migrations - INFO - Database at version 6, checking for updates...
2026-07-13 02:42:19 - medflow.database.migrations - INFO - Database is up to date
2026-07-13 02:42:19 - medflow.database.connection - INFO - Database backup created: /home/dyllan/.local/share/com.medflow.app/backups/medflow_backup_20260713_024219.db
2026-07-13 02:42:19 - medflow.database.models - INFO - Backup created: /home/dyllan/.local/share/com.medflow.app/backups/medflow_backup_20260713_024219.db
2026-07-13 02:42:19 - medflow.database.models - INFO - Database initialized: /home/dyllan/medflow.db
2026-07-13 02:42:19 - __main__ - INFO - Database initialized successfully
2026-07-13 02:42:22 - __main__ - INFO - MedFlow application started successfully
2026-07-13 02:42:34 - __main__ - INFO - Starting MedFlow application...
2026-07-13 02:42:34 - medflow.database.connection - INFO - Database connection manager initialized: /home/dyllan/medflow.db
2026-07-13 02:42:34 - medflow.database.migrations - INFO - Database at version 6, checking for updates...
2026-07-13 02:42:34 - medflow.database.migrations - INFO - Database is up to date
2026-07-13 02:42:34 - medflow.database.connection - INFO - Database backup created: /home/dyllan/.local/share/com.medflow.app/backups/medflow_backup_20260713_024234.db
2026-07-13 02:42:34 - medflow.database.models - INFO - Backup created: /home/dyllan/.local/share/com.medflow.app/backups/medflow_backup_20260713_024234.db
2026-07-13 02:42:34 - medflow.database.models - INFO - Database initialized: /home/dyllan/medflow.db
2026-07-13 02:42:34 - __main__ - INFO - Database initialized successfully
2026-07-13 02:42:37 - __main__ - INFO - MedFlow application started successfully
2026-07-13 02:42:49 - __main__ - INFO - Starting MedFlow application...
2026-07-13 02:42:49 - medflow.database.connection - INFO - Database connection manager initialized: /home/dyllan/medflow.db
2026-07-13 02:42:49 - medflow.database.migrations - INFO - Database at version 6, checking for updates...
2026-07-13 02:42:49 - medflow.database.migrations - INFO - Database is up to date
2026-07-13 02:42:49 - medflow.database.connection - INFO - Database backup created: /home/dyllan/.local/share/com.medflow.app/backups/medflow_backup_20260713_024249.db
2026-07-13 02:42:49 - medflow.database.models - INFO - Backup created: /home/dyllan/.local/share/com.medflow.app/backups/medflow_backup_20260713_024249.db
2026-07-13 02:42:49 - medflow.database.models - INFO - Database initialized: /home/dyllan/medflow.db
2026-07-13 02:42:49 - __main__ - INFO - Database initialized successfully
2026-07-13 02:42:51 - __main__ - INFO - MedFlow application started successfully
2026-07-13 02:43:37 - __main__ - INFO - Starting MedFlow application...
2026-07-13 02:43:37 - medflow.database.connection - INFO - Database connection manager initialized: /home/dyllan/medflow.db
2026-07-13 02:43:37 - medflow.database.migrations - INFO - Database at version 6, checking for updates...
2026-07-13 02:43:37 - medflow.database.migrations - INFO - Database is up to date
2026-07-13 02:43:37 - medflow.database.connection - INFO - Database backup created: /home/dyllan/.local/share/com.medflow.app/backups/medflow_backup_20260713_024337.db
2026-07-13 02:43:37 - medflow.database.models - INFO - Backup created: /home/dyllan/.local/share/com.medflow.app/backups/medflow_backup_20260713_024337.db
2026-07-13 02:43:37 - medflow.database.models - INFO - Database initialized: /home/dyllan/medflow.db
2026-07-13 02:43:37 - __main__ - INFO - Database initialized successfully
2026-07-13 02:43:39 - __main__ - INFO - MedFlow application started successfully
2026-07-13 02:53:21 - main_refactored - INFO - Starting MedFlow application...
2026-07-13 02:53:21 - medflow.database.connection - INFO - Database connection manager initialized: /home/dyllan/medflow.db
2026-07-13 02:53:21 - medflow.database.migrations - INFO - Database at version 6, checking for updates...
2026-07-13 02:53:21 - medflow.database.migrations - INFO - Database is up to date
2026-07-13 02:53:21 - medflow.database.connection - INFO - Database backup created: /home/dyllan/.local/share/com.medflow.app/backups/medflow_backup_20260713_025321.db
2026-07-13 02:53:21 - medflow.database.models - INFO - Backup created: /home/dyllan/.local/share/com.medflow.app/backups/medflow_backup_20260713_025321.db
2026-07-13 02:53:21 - medflow.database.models - INFO - Database initialized: /home/dyllan/medflow.db
2026-07-13 02:53:21 - main_refactored - INFO - Database initialized successfully
2026-07-13 02:53:24 - main_refactored - INFO - MedFlow application started successfully
2026-07-14 15:16:09 - main_refactored - INFO - Starting MedFlow application...
2026-07-14 15:16:09 - medflow.database.connection - INFO - Database connection manager initialized: /home/dyllan/medflow.db
2026-07-14 15:16:09 - medflow.database.migrations - INFO - Database at version 6, checking for updates...
2026-07-14 15:16:09 - medflow.database.migrations - INFO - Database is up to date
2026-07-14 15:16:09 - medflow.database.connection - INFO - Database backup created: /home/dyllan/.local/share/com.medflow.app/backups/medflow_backup_20260714_151609.db
2026-07-14 15:16:09 - medflow.database.models - INFO - Backup created: /home/dyllan/.local/share/com.medflow.app/backups/medflow_backup_20260714_151609.db
2026-07-14 15:16:09 - medflow.database.models - INFO - Database initialized: /home/dyllan/medflow.db
2026-07-14 15:16:09 - main_refactored - INFO - Database initialized successfully
2026-07-14 15:16:12 - main_refactored - INFO - MedFlow application started successfully
2026-07-14 15:27:30 - main_refactored - INFO - Starting MedFlow application...
2026-07-14 15:27:30 - medflow.database.connection - INFO - Database connection manager initialized: /home/dyllan/medflow.db
2026-07-14 15:27:30 - medflow.database.migrations - INFO - Database at version 6, checking for updates...
2026-07-14 15:27:30 - medflow.database.migrations - INFO - Database is up to date
2026-07-14 15:27:30 - medflow.database.connection - INFO - Database backup created: /home/dyllan/.local/share/com.medflow.app/backups/medflow_backup_20260714_152730.db
2026-07-14 15:27:30 - medflow.database.models - INFO - Backup created: /home/dyllan/.local/share/com.medflow.app/backups/medflow_backup_20260714_152730.db
2026-07-14 15:27:30 - medflow.database.models - INFO - Database initialized: /home/dyllan/medflow.db
2026-07-14 15:27:30 - main_refactored - INFO - Database initialized successfully
2026-07-14 15:27:33 - main_refactored - INFO - MedFlow application started successfully
2026-07-14 15:37:53 - main_refactored - INFO - Starting MedFlow application...
2026-07-14 15:37:53 - medflow.database.connection - INFO - Database connection manager initialized: /home/dyllan/medflow.db
2026-07-14 15:37:53 - medflow.database.migrations - INFO - Database at version 6, checking for updates...
2026-07-14 15:37:53 - medflow.database.migrations - INFO - Database is up to date
2026-07-14 15:37:53 - medflow.database.connection - INFO - Database backup created: /home/dyllan/.local/share/com.medflow.app/backups/medflow_backup_20260714_153753.db
2026-07-14 15:37:53 - medflow.database.models - INFO - Backup created: /home/dyllan/.local/share/com.medflow.app/backups/medflow_backup_20260714_153753.db
2026-07-14 15:37:53 - medflow.database.models - INFO - Database initialized: /home/dyllan/medflow.db
2026-07-14 15:37:53 - main_refactored - INFO - Database initialized successfully
2026-07-14 15:37:55 - main_refactored - INFO - MedFlow application started successfully
2026-07-14 15:40:20 - main_refactored - INFO - Starting MedFlow application...
2026-07-14 15:40:20 - medflow.database.connection - INFO - Database connection manager initialized: /home/dyllan/medflow.db
2026-07-14 15:40:20 - medflow.database.migrations - INFO - Database at version 6, checking for updates...
2026-07-14 15:40:20 - medflow.database.migrations - INFO - Database is up to date
2026-07-14 15:40:20 - medflow.database.connection - INFO - Database backup created: /home/dyllan/.local/share/com.medflow.app/backups/medflow_backup_20260714_154020.db
2026-07-14 15:40:20 - medflow.database.models - INFO - Backup created: /home/dyllan/.local/share/com.medflow.app/backups/medflow_backup_20260714_154020.db
2026-07-14 15:40:20 - medflow.database.models - INFO - Database initialized: /home/dyllan/medflow.db
2026-07-14 15:40:20 - main_refactored - INFO - Database initialized successfully
2026-07-14 15:40:23 - main_refactored - INFO - MedFlow application started successfully
2026-07-14 16:00:50 - main_refactored - INFO - Starting MedFlow application...
2026-07-14 16:00:50 - medflow.database.connection - INFO - Database connection manager initialized: /home/dyllan/medflow.db
2026-07-14 16:00:50 - medflow.database.migrations - INFO - Database at version 6, checking for updates...
2026-07-14 16:00:50 - medflow.database.migrations - INFO - Database is up to date
2026-07-14 16:00:50 - medflow.database.connection - INFO - Database backup created: /home/dyllan/.local/share/com.medflow.app/backups/medflow_backup_20260714_160050.db
2026-07-14 16:00:50 - medflow.database.models - INFO - Backup created: /home/dyllan/.local/share/com.medflow.app/backups/medflow_backup_20260714_160050.db
2026-07-14 16:00:50 - medflow.database.models - INFO - Database initialized: /home/dyllan/medflow.db
2026-07-14 16:00:50 - main_refactored - INFO - Database initialized successfully
2026-07-14 16:00:52 - main_refactored - INFO - MedFlow application started successfully
2026-07-14 16:10:54 - main_refactored - INFO - Starting MedFlow application...
2026-07-14 16:10:54 - medflow.database.connection - INFO - Database connection manager initialized: /home/dyllan/medflow.db
2026-07-14 16:10:54 - medflow.database.migrations - INFO - Database at version 6, checking for updates...
2026-07-14 16:10:54 - medflow.database.migrations - INFO - Database is up to date
2026-07-14 16:10:54 - medflow.database.connection - INFO - Database backup created: /home/dyllan/.local/share/com.medflow.app/backups/medflow_backup_20260714_161054.db
2026-07-14 16:10:54 - medflow.database.models - INFO - Backup created: /home/dyllan/.local/share/com.medflow.app/backups/medflow_backup_20260714_161054.db
2026-07-14 16:10:54 - medflow.database.models - INFO - Database initialized: /home/dyllan/medflow.db
2026-07-14 16:10:54 - main_refactored - INFO - Database initialized successfully
2026-07-14 16:10:56 - main_refactored - INFO - MedFlow application started successfully
2026-07-14 16:24:46 - main_refactored - INFO - Starting MedFlow application...
2026-07-14 16:24:46 - medflow.database.connection - INFO - Database connection manager initialized: /home/dyllan/medflow.db
2026-07-14 16:24:46 - medflow.database.migrations - INFO - Database at version 6, checking for updates...
2026-07-14 16:24:46 - medflow.database.migrations - INFO - Database is up to date
2026-07-14 16:24:46 - medflow.database.connection - INFO - Database backup created: /home/dyllan/.local/share/com.medflow.app/backups/medflow_backup_20260714_162446.db
2026-07-14 16:24:46 - medflow.database.models - INFO - Backup created: /home/dyllan/.local/share/com.medflow.app/backups/medflow_backup_20260714_162446.db
2026-07-14 16:24:46 - medflow.database.models - INFO - Database initialized: /home/dyllan/medflow.db
2026-07-14 16:24:46 - main_refactored - INFO - Database initialized successfully
2026-07-14 16:24:48 - main_refactored - INFO - MedFlow application started successfully
2026-07-14 16:27:04 - medflow.database.models - INFO - Saved user profile
2026-07-14 16:30:10 - medflow.database.models - INFO - Updated app note 1
2026-07-14 16:34:27 - medflow.database.models - INFO - Saved user profile
2026-07-14 16:38:58 - medflow.ui.flashcard_importer - ERROR - Error importing APKG: no such column: front
2026-07-14 16:44:59 - medflow.database.models - INFO - Imported 0 study notes as flashcards into deck 2
2026-07-14 19:10:41 - main_refactored - INFO - Starting MedFlow application...
2026-07-14 19:10:41 - medflow.database.connection - INFO - Database connection manager initialized: /home/dyllan/medflow.db
2026-07-14 19:10:41 - medflow.database.migrations - INFO - Database at version 6, checking for updates...
2026-07-14 19:10:41 - medflow.database.migrations - INFO - Database is up to date
2026-07-14 19:10:41 - medflow.database.connection - INFO - Database backup created: /home/dyllan/.local/share/com.medflow.app/backups/medflow_backup_20260714_191041.db
2026-07-14 19:10:41 - medflow.database.models - INFO - Backup created: /home/dyllan/.local/share/com.medflow.app/backups/medflow_backup_20260714_191041.db
2026-07-14 19:10:41 - medflow.database.models - INFO - Database initialized: /home/dyllan/medflow.db
2026-07-14 19:10:41 - main_refactored - INFO - Database initialized successfully
2026-07-14 19:10:43 - main_refactored - INFO - MedFlow application started successfully
2026-07-14 19:49:10 - main_refactored - INFO - Starting MedFlow application...
2026-07-14 19:49:10 - medflow.database.connection - INFO - Database connection manager initialized: /home/dyllan/medflow.db
2026-07-14 19:49:10 - medflow.database.migrations - INFO - Database at version 6, checking for updates...
2026-07-14 19:49:10 - medflow.database.migrations - INFO - Database is up to date
2026-07-14 19:49:10 - medflow.database.connection - INFO - Database backup created: /home/dyllan/.local/share/com.medflow.app/backups/medflow_backup_20260714_194910.db
2026-07-14 19:49:10 - medflow.database.models - INFO - Backup created: /home/dyllan/.local/share/com.medflow.app/backups/medflow_backup_20260714_194910.db
2026-07-14 19:49:10 - medflow.database.models - INFO - Database initialized: /home/dyllan/medflow.db
2026-07-14 19:49:10 - main_refactored - INFO - Database initialized successfully
2026-07-14 19:49:12 - main_refactored - INFO - MedFlow application started successfully
2026-07-16 21:18:53 - main_refactored - INFO - Starting MedFlow application...
2026-07-16 21:18:53 - medflow.database.connection - INFO - Database connection manager initialized: /home/dyllan/medflow.db
2026-07-16 21:18:53 - medflow.database.migrations - INFO - Database at version 6, checking for updates...
2026-07-16 21:18:53 - medflow.database.migrations - INFO - Database is up to date
2026-07-16 21:18:53 - medflow.database.connection - INFO - Database backup created: /home/dyllan/.local/share/com.medflow.app/backups/medflow_backup_20260716_211853.db
2026-07-16 21:18:53 - medflow.database.models - INFO - Backup created: /home/dyllan/.local/share/com.medflow.app/backups/medflow_backup_20260716_211853.db
2026-07-16 21:18:53 - medflow.database.models - INFO - Database initialized: /home/dyllan/medflow.db
2026-07-16 21:18:53 - main_refactored - INFO - Database initialized successfully
2026-07-16 21:18:54 - main_refactored - ERROR - Failed to start MedFlow: 'ResultsLedger' object has no attribute 'add_group'
Traceback (most recent call last):
  File "/home/dyllan/CascadeProjects/medflow/main_refactored.py", line 57, in main
    window = MedFlowMainWindow(database=db)
  File "/home/dyllan/CascadeProjects/medflow/medflow/ui/main_window.py", line 57, in __init__
    self._apply_theme()
    ~~~~~~~~~~~~~~~~~^^
  File "/home/dyllan/CascadeProjects/medflow/medflow/ui/main_window.py", line 310, in _apply_theme
    self.results_ledger._on_theme_changed(theme)
    ~~~~~~~~~~~~~~~~~~~~~~~~~~~~~~~~~~~~~^^^^^^^
  File "/home/dyllan/CascadeProjects/medflow/medflow/ui/results.py", line 40, in _on_theme_changed
    self._apply_theme_styles()
    ~~~~~~~~~~~~~~~~~~~~~~~~^^
  File "/home/dyllan/CascadeProjects/medflow/medflow/ui/results.py", line 53, in _apply_theme_styles
    for group in [self.add_group, self.scores_group, self.graph_group]:
                  ^^^^^^^^^^^^^^
AttributeError: 'ResultsLedger' object has no attribute 'add_group'
2026-07-16 21:21:26 - main_refactored - INFO - Starting MedFlow application...
2026-07-16 21:21:26 - medflow.database.connection - INFO - Database connection manager initialized: /home/dyllan/medflow.db
2026-07-16 21:21:26 - medflow.database.migrations - INFO - Database at version 6, checking for updates...
2026-07-16 21:21:26 - medflow.database.migrations - INFO - Database is up to date
2026-07-16 21:21:26 - medflow.database.connection - INFO - Database backup created: /home/dyllan/.local/share/com.medflow.app/backups/medflow_backup_20260716_212126.db
2026-07-16 21:21:26 - medflow.database.models - INFO - Backup created: /home/dyllan/.local/share/com.medflow.app/backups/medflow_backup_20260716_212126.db
2026-07-16 21:21:26 - medflow.database.models - INFO - Database initialized: /home/dyllan/medflow.db
2026-07-16 21:21:26 - main_refactored - INFO - Database initialized successfully
2026-07-16 21:21:28 - main_refactored - ERROR - Failed to start MedFlow: attribute name must be string, not 'PySide6.QtWidgets.QGroupBox'
Traceback (most recent call last):
  File "/home/dyllan/CascadeProjects/medflow/main_refactored.py", line 57, in main
    window = MedFlowMainWindow(database=db)
  File "/home/dyllan/CascadeProjects/medflow/medflow/ui/main_window.py", line 57, in __init__
    self._apply_theme()
    ~~~~~~~~~~~~~~~~~^^
  File "/home/dyllan/CascadeProjects/medflow/medflow/ui/main_window.py", line 312, in _apply_theme
    self.results_ledger._on_theme_changed(theme)
    ~~~~~~~~~~~~~~~~~~~~~~~~~~~~~~~~~~~~~^^^^^^^
  File "/home/dyllan/CascadeProjects/medflow/medflow/ui/results.py", line 40, in _on_theme_changed
    self._apply_theme_styles()
    ~~~~~~~~~~~~~~~~~~~~~~~~^^
  File "/home/dyllan/CascadeProjects/medflow/medflow/ui/results.py", line 54, in _apply_theme_styles
    if hasattr(self, group) and group is not None:
       ~~~~~~~^^^^^^^^^^^^^
TypeError: attribute name must be string, not 'PySide6.QtWidgets.QGroupBox'
2026-07-16 21:21:58 - main_refactored - INFO - Starting MedFlow application...
2026-07-16 21:21:58 - medflow.database.connection - INFO - Database connection manager initialized: /home/dyllan/medflow.db
2026-07-16 21:21:58 - medflow.database.migrations - INFO - Database at version 6, checking for updates...
2026-07-16 21:21:58 - medflow.database.migrations - INFO - Database is up to date
2026-07-16 21:21:58 - medflow.database.connection - INFO - Database backup created: /home/dyllan/.local/share/com.medflow.app/backups/medflow_backup_20260716_212158.db
2026-07-16 21:21:58 - medflow.database.models - INFO - Backup created: /home/dyllan/.local/share/com.medflow.app/backups/medflow_backup_20260716_212158.db
2026-07-16 21:21:58 - medflow.database.models - INFO - Database initialized: /home/dyllan/medflow.db
2026-07-16 21:21:58 - main_refactored - INFO - Database initialized successfully
2026-07-16 21:22:00 - main_refactored - ERROR - Failed to start MedFlow: 'NotesSection' object has no attribute 'reminders_icon'
Traceback (most recent call last):
  File "/home/dyllan/CascadeProjects/medflow/main_refactored.py", line 57, in main
    window = MedFlowMainWindow(database=db)
  File "/home/dyllan/CascadeProjects/medflow/medflow/ui/main_window.py", line 57, in __init__
    self._apply_theme()
    ~~~~~~~~~~~~~~~~~^^
  File "/home/dyllan/CascadeProjects/medflow/medflow/ui/main_window.py", line 314, in _apply_theme
    self.notes_section._on_theme_changed(theme)
    ~~~~~~~~~~~~~~~~~~~~~~~~~~~~~~~~~~~~^^^^^^^
  File "/home/dyllan/CascadeProjects/medflow/medflow/ui/notes.py", line 34, in _on_theme_changed
    self._apply_theme_styles()
    ~~~~~~~~~~~~~~~~~~~~~~~~^^
  File "/home/dyllan/CascadeProjects/medflow/medflow/ui/notes.py", line 223, in _apply_theme_styles
    self.reminders_icon.setStyleSheet(f"font-size: 20px; font-weight: 700; color: {c['PRIMARY']}; font-family: {IOS_FONT_STACK};")
    ^^^^^^^^^^^^^^^^^^^
AttributeError: 'NotesSection' object has no attribute 'reminders_icon'
2026-07-16 21:22:45 - main_refactored - INFO - Starting MedFlow application...
2026-07-16 21:22:45 - medflow.database.connection - INFO - Database connection manager initialized: /home/dyllan/medflow.db
2026-07-16 21:22:45 - medflow.database.migrations - INFO - Database at version 6, checking for updates...
2026-07-16 21:22:45 - medflow.database.migrations - INFO - Database is up to date
2026-07-16 21:22:45 - medflow.database.connection - INFO - Database backup created: /home/dyllan/.local/share/com.medflow.app/backups/medflow_backup_20260716_212245.db
2026-07-16 21:22:45 - medflow.database.models - INFO - Backup created: /home/dyllan/.local/share/com.medflow.app/backups/medflow_backup_20260716_212245.db
2026-07-16 21:22:45 - medflow.database.models - INFO - Database initialized: /home/dyllan/medflow.db
2026-07-16 21:22:45 - main_refactored - INFO - Database initialized successfully
2026-07-16 21:22:46 - main_refactored - INFO - MedFlow application started successfully
2026-07-16 21:24:45 - medflow.database.models - INFO - Saved user profile
2026-07-16 21:34:06 - main_refactored - INFO - Starting MedFlow application...
2026-07-16 21:34:06 - medflow.database.connection - INFO - Database connection manager initialized: /home/dyllan/medflow.db
2026-07-16 21:34:06 - medflow.database.migrations - INFO - Database at version 6, checking for updates...
2026-07-16 21:34:06 - medflow.database.migrations - INFO - Database is up to date
2026-07-16 21:34:06 - medflow.database.connection - INFO - Database backup created: /home/dyllan/.local/share/com.medflow.app/backups/medflow_backup_20260716_213406.db
2026-07-16 21:34:06 - medflow.database.models - INFO - Backup created: /home/dyllan/.local/share/com.medflow.app/backups/medflow_backup_20260716_213406.db
2026-07-16 21:34:06 - medflow.database.models - INFO - Database initialized: /home/dyllan/medflow.db
2026-07-16 21:34:06 - main_refactored - INFO - Database initialized successfully
2026-07-16 21:34:08 - main_refactored - INFO - MedFlow application started successfully
2026-07-16 21:36:05 - main_refactored - INFO - Starting MedFlow application...
2026-07-16 21:36:05 - medflow.database.connection - INFO - Database connection manager initialized: /home/dyllan/medflow.db
2026-07-16 21:36:05 - medflow.database.migrations - INFO - Database at version 6, checking for updates...
2026-07-16 21:36:05 - medflow.database.migrations - INFO - Database is up to date
2026-07-16 21:36:05 - medflow.database.connection - INFO - Database backup created: /home/dyllan/.local/share/com.medflow.app/backups/medflow_backup_20260716_213605.db
2026-07-16 21:36:05 - medflow.database.models - INFO - Backup created: /home/dyllan/.local/share/com.medflow.app/backups/medflow_backup_20260716_213605.db
2026-07-16 21:36:05 - medflow.database.models - INFO - Database initialized: /home/dyllan/medflow.db
2026-07-16 21:36:05 - main_refactored - INFO - Database initialized successfully
2026-07-16 21:36:07 - main_refactored - INFO - MedFlow application started successfully
2026-07-16 21:39:27 - main_refactored - INFO - Starting MedFlow application...
2026-07-16 21:39:27 - medflow.database.connection - INFO - Database connection manager initialized: /home/dyllan/medflow.db
2026-07-16 21:39:27 - medflow.database.migrations - INFO - Database at version 6, checking for updates...
2026-07-16 21:39:27 - medflow.database.migrations - INFO - Database is up to date
2026-07-16 21:39:27 - medflow.database.connection - INFO - Database backup created: /home/dyllan/.local/share/com.medflow.app/backups/medflow_backup_20260716_213927.db
2026-07-16 21:39:27 - medflow.database.models - INFO - Backup created: /home/dyllan/.local/share/com.medflow.app/backups/medflow_backup_20260716_213927.db
2026-07-16 21:39:27 - medflow.database.models - INFO - Database initialized: /home/dyllan/medflow.db
2026-07-16 21:39:27 - main_refactored - INFO - Database initialized successfully
2026-07-16 21:39:29 - main_refactored - INFO - MedFlow application started successfully
2026-07-16 22:07:45 - __main__ - INFO - Starting MedFlow application...
2026-07-16 22:07:45 - medflow.database.connection - INFO - Database connection manager initialized: /home/dyllan/medflow.db
2026-07-16 22:07:45 - medflow.database.migrations - INFO - Database at version 6, checking for updates...
2026-07-16 22:07:45 - medflow.database.migrations - INFO - Database is up to date
2026-07-16 22:07:45 - medflow.database.connection - INFO - Database backup created: /home/dyllan/.local/share/com.medflow.app/backups/medflow_backup_20260716_220745.db
2026-07-16 22:07:45 - medflow.database.models - INFO - Backup created: /home/dyllan/.local/share/com.medflow.app/backups/medflow_backup_20260716_220745.db
2026-07-16 22:07:45 - medflow.database.models - INFO - Database initialized: /home/dyllan/medflow.db
2026-07-16 22:07:45 - __main__ - INFO - Database initialized successfully
2026-07-16 22:07:48 - __main__ - INFO - MedFlow application started successfully
